------------------------------------------------------------
TimeQuest Timing Analyzer Summary
------------------------------------------------------------

Type  : Slow Model Setup 'clock'
Slack : -3.692
TNS   : -19.897

Type  : Slow Model Setup 'Integrador:Integrador2|estado.aberto_s'
Slack : 0.269
TNS   : 0.000

Type  : Slow Model Setup 'Integrador:Integrador4|estado.aberto_s'
Slack : 0.407
TNS   : 0.000

Type  : Slow Model Setup 'Integrador:Integrador1|estado.aberto_s'
Slack : 1.133
TNS   : 0.000

Type  : Slow Model Setup 'Integrador:Integrador3|estado.aberto_s'
Slack : 1.448
TNS   : 0.000

Type  : Slow Model Hold 'clock'
Slack : -2.493
TNS   : -15.918

Type  : Slow Model Hold 'Integrador:Integrador3|estado.aberto_s'
Slack : -1.095
TNS   : -3.626

Type  : Slow Model Hold 'Integrador:Integrador1|estado.aberto_s'
Slack : -0.802
TNS   : -2.311

Type  : Slow Model Hold 'Integrador:Integrador4|estado.aberto_s'
Slack : 0.030
TNS   : 0.000

Type  : Slow Model Hold 'Integrador:Integrador2|estado.aberto_s'
Slack : 0.285
TNS   : 0.000

Type  : Slow Model Recovery 'Integrador:Integrador4|estado.aberto_s'
Slack : -0.790
TNS   : -3.160

Type  : Slow Model Recovery 'Integrador:Integrador2|estado.aberto_s'
Slack : -0.645
TNS   : -2.580

Type  : Slow Model Recovery 'fechar'
Slack : -0.334
TNS   : -0.957

Type  : Slow Model Recovery 'Integrador:Integrador3|estado.aberto_s'
Slack : 0.466
TNS   : 0.000

Type  : Slow Model Recovery 'Integrador:Integrador1|estado.aberto_s'
Slack : 0.813
TNS   : 0.000

Type  : Slow Model Removal 'Integrador:Integrador1|estado.aberto_s'
Slack : -0.346
TNS   : -1.384

Type  : Slow Model Removal 'Integrador:Integrador3|estado.aberto_s'
Slack : -0.094
TNS   : -0.376

Type  : Slow Model Removal 'fechar'
Slack : 0.775
TNS   : 0.000

Type  : Slow Model Removal 'Integrador:Integrador2|estado.aberto_s'
Slack : 1.016
TNS   : 0.000

Type  : Slow Model Removal 'Integrador:Integrador4|estado.aberto_s'
Slack : 1.282
TNS   : 0.000

Type  : Slow Model Minimum Pulse Width 'clock'
Slack : -1.380
TNS   : -9.380

Type  : Slow Model Minimum Pulse Width 'fechar'
Slack : -1.380
TNS   : -5.380

Type  : Slow Model Minimum Pulse Width 'ok'
Slack : -1.222
TNS   : -9.222

Type  : Slow Model Minimum Pulse Width 'Integrador:Integrador1|estado.aberto_s'
Slack : -0.500
TNS   : -4.000

Type  : Slow Model Minimum Pulse Width 'Integrador:Integrador2|estado.aberto_s'
Slack : -0.500
TNS   : -4.000

Type  : Slow Model Minimum Pulse Width 'Integrador:Integrador3|estado.aberto_s'
Slack : -0.500
TNS   : -4.000

Type  : Slow Model Minimum Pulse Width 'Integrador:Integrador4|estado.aberto_s'
Slack : -0.500
TNS   : -4.000

Type  : Fast Model Setup 'clock'
Slack : -1.389
TNS   : -5.924

Type  : Fast Model Setup 'Integrador:Integrador2|estado.aberto_s'
Slack : 0.602
TNS   : 0.000

Type  : Fast Model Setup 'Integrador:Integrador4|estado.aberto_s'
Slack : 0.638
TNS   : 0.000

Type  : Fast Model Setup 'Integrador:Integrador1|estado.aberto_s'
Slack : 1.025
TNS   : 0.000

Type  : Fast Model Setup 'Integrador:Integrador3|estado.aberto_s'
Slack : 1.182
TNS   : 0.000

Type  : Fast Model Hold 'clock'
Slack : -1.542
TNS   : -10.699

Type  : Fast Model Hold 'Integrador:Integrador3|estado.aberto_s'
Slack : -0.481
TNS   : -1.617

Type  : Fast Model Hold 'Integrador:Integrador1|estado.aberto_s'
Slack : -0.335
TNS   : -0.947

Type  : Fast Model Hold 'Integrador:Integrador4|estado.aberto_s'
Slack : 0.070
TNS   : 0.000

Type  : Fast Model Hold 'Integrador:Integrador2|estado.aberto_s'
Slack : 0.156
TNS   : 0.000

Type  : Fast Model Recovery 'Integrador:Integrador4|estado.aberto_s'
Slack : -0.265
TNS   : -1.060

Type  : Fast Model Recovery 'fechar'
Slack : -0.209
TNS   : -0.661

Type  : Fast Model Recovery 'Integrador:Integrador2|estado.aberto_s'
Slack : -0.163
TNS   : -0.652

Type  : Fast Model Recovery 'Integrador:Integrador3|estado.aberto_s'
Slack : 0.386
TNS   : 0.000

Type  : Fast Model Recovery 'Integrador:Integrador1|estado.aberto_s'
Slack : 0.521
TNS   : 0.000

Type  : Fast Model Removal 'Integrador:Integrador1|estado.aberto_s'
Slack : -0.246
TNS   : -0.984

Type  : Fast Model Removal 'Integrador:Integrador3|estado.aberto_s'
Slack : -0.130
TNS   : -0.520

Type  : Fast Model Removal 'Integrador:Integrador2|estado.aberto_s'
Slack : 0.408
TNS   : 0.000

Type  : Fast Model Removal 'Integrador:Integrador4|estado.aberto_s'
Slack : 0.561
TNS   : 0.000

Type  : Fast Model Removal 'fechar'
Slack : 0.925
TNS   : 0.000

Type  : Fast Model Minimum Pulse Width 'clock'
Slack : -1.380
TNS   : -9.380

Type  : Fast Model Minimum Pulse Width 'fechar'
Slack : -1.380
TNS   : -5.380

Type  : Fast Model Minimum Pulse Width 'ok'
Slack : -1.222
TNS   : -9.222

Type  : Fast Model Minimum Pulse Width 'Integrador:Integrador1|estado.aberto_s'
Slack : -0.500
TNS   : -4.000

Type  : Fast Model Minimum Pulse Width 'Integrador:Integrador2|estado.aberto_s'
Slack : -0.500
TNS   : -4.000

Type  : Fast Model Minimum Pulse Width 'Integrador:Integrador3|estado.aberto_s'
Slack : -0.500
TNS   : -4.000

Type  : Fast Model Minimum Pulse Width 'Integrador:Integrador4|estado.aberto_s'
Slack : -0.500
TNS   : -4.000

------------------------------------------------------------
